加油站
西院
汽车房
清华汽车维修部
公共浴室
寓园餐厅
西8
19公寓
西41
西42
西1
18公寓
17公寓
西2
15公寓
16公寓
西12
西门
西南10
西南11
西南15
西南16
10公寓
11公寓
12公寓
西南19
西南18
西南17
9公寓
8公寓
6公寓
4公寓
清华大学附属小学
十四所
1号楼
2号楼
10号楼
12号楼
3号楼
4号楼
4号楼
西南8
西南9
西南14
普吉1号楼
6号楼
11号楼
蓝旗营教师住宅区
西南13
伟伦中心
近春园楼
2公寓
西9
西10
西13
西11
西14
西湖游泳池
绿园
西南20
7公寓
5公寓
教工活动中心
1公寓
中7楼
中8楼
胜因院
专家公寓
熊之行楼
3公寓
7号楼
普吉院
新林楼
南11楼
9号楼
8号楼
文津国际酒店
南门
生物馆
校医院
老留学生楼
医学科学楼
李文达图书馆
伍舜德楼
教工网球场
气象台
近春园
问询处
静斋
熙春园餐厅
强斋
甲所
照澜院商业区
建设银行
东3楼
东4楼
东5楼
中1楼
中3楼
中5楼
中2楼
中4楼
中6楼
高2楼
高1楼
北京银行
工会
书店
澜园餐厅
邮局 工商银行
专家公寓
创业大厦
南5楼
南3楼
南2楼
南1楼
南0楼
新林院
南12楼
洁华幼儿园
澜院便民店
南4楼
南13楼
南园餐厅
D座
B座
A座
C座
立业大厦
科建大厦
威盛大厦
科技大厦
清华科技园
生命科学馆（伟伦楼）
蒙民伟楼
西区体育馆
化学馆
西北门
理学院报告厅（郑裕彤讲堂）
理科楼
工会俱乐部
荷园餐厅
荷二楼（数学系办公室）
第二教学楼
工字厅
第一教学楼
古月堂
水木清华
丙所
日晷
旧土木馆
礼品部
服务楼
东1楼
东2楼
东9楼
东8楼
东7楼
东6楼
东13楼
东15楼
二校门
照澜院
一区
老年大学
东11楼
机械工程馆
创新大厦
能科楼A
能科楼B
清华-富士康纳米科技楼
南10楼
东16楼
南9楼
南8楼
南7楼
南6楼
威新大厦
阳光厅
紫光国际交流中心
null
明斋
观畴园
十五宿舍
善斋
平斋
化学新馆（何添楼）
人环楼
十四宿舍
西大操场
花房
文西楼（宏盟楼）
同方部
动振小楼
清华学堂
西阶教室
逸夫馆（图书馆新馆）
新水利馆
大礼堂
科学馆
旧水利馆
第五教学楼
清华胶印厂
动力机械与工程研究所
文南楼（黄松益楼）
保卫处 派出所
9003大楼
舜德楼
基础工业训练中心
设备仪器厂
微电子所
明理楼
伍舜德楼（公管学院）
液晶大楼
紫光大厦
华业大厦
主校门
信息科学技术大楼（FIT楼）
西北超市
西北4
西北7
西北10
西北3
清华大学附属中学
2号楼
3号楼
新斋（人文学院）
立斋
十八宿舍
十六宿舍
北区浴室
19号宿舍
低碳能源楼
十七宿舍
软件学院
清西文化长廊
4号楼
诚斋
环境工程实验楼
校团委广播台
物业管理中心
档案馆
图书馆
文北楼（松山金炯珠楼）
西主楼
B区
一段
第三教学楼
二段
三段
泥沙实验室
第四教学楼
蒙民伟音乐厅
新清华学堂
校史馆
焊接馆
第六教学楼（裕元楼）
A区
教材中心
逸夫技术科学楼
伟伦楼
建筑节能楼
建筑馆（梁銶琚馆）
同方大厦
中意清华环境节能楼
22号宿舍
23号宿舍
西北2
西北6
西北9
西北12
西北1
西北5
西北8
西北11
荷清苑2号楼
荷清苑6号楼
荷清苑6号楼
实验电厂
北门
社区农贸市场
23号楼
24号楼
27号楼
28号楼
1号楼
14号楼
13号楼
20号楼
21号楼
22号楼
29号楼
19号楼
20号宿舍
21号宿舍
10号楼
8号楼
6号楼
财务处
听涛园（十食堂）
清青餐厅
15号楼
学生超市
人文社科图书馆
7号楼
清芬园（七食堂）
9号楼
C区
空调实验室
土木系实验室
中央主楼
土木馆（何善衡楼）
东主楼
A区
东阶梯教室
伍舜德楼（建筑设计中心）
学研大厦
B区
C区
美术学院大楼
荷清苑10号楼
荷清苑14号楼
荷清苑5号楼
荷清苑9号楼
荷清苑13号楼
荷清苑1号楼
荷清苑4号楼
荷清苑8号楼
荷清苑12号楼
荷清苑3号楼
5号楼
11号楼
12号楼
30号楼
18号楼
17号楼
16号楼
36号楼
37号楼
东区体育馆
东区浴室
保龄球练习馆
闻馨园（陶园餐厅）
工物馆
综合体育馆（曹光彪馆）
东大操场
null
紫荆7号楼
紫荆14号楼
荷清苑7号楼
荷清苑11号楼
紫荆4号楼
紫荆5号楼
紫荆6号楼
清风港影超市
紫荆操场
学生服务中心
游泳馆
35号楼
34号楼
33号楼
篮球场
棒垒球场
轮滑场
篮球场
沙滩排球场
60吨锅炉房
大五金库
印刷厂
射击馆
刘卿楼
棒垒球及投掷场
伟清楼
英士楼
紫荆11号楼
紫荆12号楼
紫荆8号楼
紫荆9号楼
紫荆10号楼
紫荆园学生食堂
紫荆16号楼
紫荆17号楼
紫荆13号
网球场
玉树园
紫荆18号楼
篮球场
紫荆雕塑园
芝兰园
汽车研究所
清华-罗姆电子工程馆
高电压及绝缘技术研究所
编教中心
